// Jest Snapshot v1, https://goo.gl/fbAQLP

exports[`<SettingRow /> should render correctly 1`] = `"TouchableOpacity"`;
