// Jest Snapshot v1, https://goo.gl/fbAQLP

exports[`<VersionInformation /> Should render correctly 1`] = `"View"`;
