// Jest Snapshot v1, https://goo.gl/fbAQLP

exports[`<PerkList/> it renders correctly 1`] = `"View"`;
