// Jest Snapshot v1, https://goo.gl/fbAQLP

exports[`<TranslatedText/> it renders correctly 1`] = `"Text"`;
